{
  "inputs": {
    "chrom_lengths_path": "example_data/chrom_lengths.fai",
    "hap_freq_lookup_path": null,
    "hap_genotype_path": null,
    "hap_informativeness_path": null,
    "marker_positions_path": "example_data/marker_positions.csv",
    "mus_hap_alleles_path": null,
    "nonmus_hap_alleles_path": null,
    "reference_membership_path": null,
    "reference_outputs": null,
    "strict_alleles_path": null,
    "variant_profiles_path": "example_output/reference_variant_profiles.tsv",
    "vcf_path": "example_data/samples.vcf.gz"
  },
  "params": {
    "Kclust": 5,
    "alpha": 0.0,
    "b0": 0.0,
    "certainty_softener": 1.0,
    "clades": [
      "EA",
      "Mus",
      "NA1",
      "NA2",
      "Vv"
    ],
    "e_geno": 0.01,
    "e_homo": 0.1,
    "hom_min_mix": 0.6,
    "hom_neutral": 0.5,
    "hom_soften_delta": 0.1,
    "hom_soften_width": 0.6,
    "modelv": "0.4",
    "outdir": "example_output/results_vcf_only",
    "refv": "NA",
    "strict_boost": 5.0,
    "switch_rate": 0.05,
    "tau": 1.0,
    "trans_temp": 1.0,
    "vcf_refv": "NA",
    "verbose": true,
    "windowsize": 0
  },
  "timestamp": "2026-06-12_14-04-02"
}
